
T9858a.hs:28:18:
    No instance for (Typeable
                       (((() :: GHC.Prim.Constraint), (() :: GHC.Prim.Constraint)) => ()))
      (maybe you haven't applied enough arguments to a function?)
      arising from a use of ‘cast’
    In the expression: cast e
    In the expression: case cast e of { Just e' -> ecast e' }
    In an equation for ‘supercast’:
        supercast
          = case cast e of { Just e' -> ecast e' }
          where
              e = Refl
              e :: E PX PX
