
tcfail209.hs:3:1:
    Illegal constraint synonym of kind: ‘* -> GHC.Prim.Constraint’
      (Use ConstraintKinds to permit this)
    In the type declaration for ‘Showish’
