
Test10312.hs:77:38: Not in scope: data constructor ‘Fixity’

Test10312.hs:77:53:
    Not in scope: ‘fs’
    Perhaps you meant ‘fst’ (imported from Prelude)

Test10312.hs:78:47: Not in scope: ‘ppDir’
