
Test10354.hs:13:8:
    Not in scope: type constructor or class ‘ForceError’
