
T10196Fail1.hs:4:12: lexical error at character '\7526'
