
T10196Fail2.hs:4:1: lexical error at character '\7526'
