
drvfail005.hs:4:13:
    Expected kind ‘k0 -> GHC.Prim.Constraint’,
      but ‘Show a’ has kind ‘GHC.Prim.Constraint’
    In the data declaration for ‘Test’
