
==================== Strictness signatures ====================
T8598.fun: <S,1*U(U)>m


